// Jest Snapshot v1, https://goo.gl/fbAQLP

exports[`GuessGenreItem should render correctly 1`] = `
<div
  className="track"
>
  <div
    className="game__track"
  >
    <button
      className="track__button track__button--play"
      disabled={true}
      onClick={[Function]}
      type="button"
    />
    <div
      className="track__status"
    >
      <audio />
    </div>
  </div>
  <div
    className="game__answer"
  >
    <input
      className="game__input visually-hidden"
      id="answer-42"
      name="answer"
      type="checkbox"
      value="answer-42"
    />
    <label
      className="game__check"
      htmlFor="answer-42"
    >
      Отметить
    </label>
  </div>
</div>
`;
